// Jest Snapshot v1, https://goo.gl/fbAQLP

exports[`Страницы index.vue корректно отображает заголовок 1`] = `
<h1>
  Главная страница
</h1>
`;
